com\fmatheus\app\rule\MessageResponseRule.class
com\fmatheus\app\exception\handler\response\MessageResponse.class
com\fmatheus\app\exception\swagger\BadRequest.class
com\fmatheus\app\exception\CouldNotReadException.class
com\fmatheus\app\exception\handler\UnauthorizedException.class
com\fmatheus\app\exception\swagger\ResponseAttribute.class
com\fmatheus\app\exception\handler\RestResponseBuilderHandler.class
com\fmatheus\app\exception\FileStorageException.class
com\fmatheus\app\exception\swagger\Forbidden.class
com\fmatheus\app\exception\UserInactiveException.class
com\fmatheus\app\exception\handler\RestResponseHandler.class
com\fmatheus\app\exception\swagger\ServerError.class
com\fmatheus\app\exception\handler\ServerErrorException.class
com\fmatheus\app\exception\BadRequestException.class
com\fmatheus\app\exception\ForbiddenException.class
com\fmatheus\app\exception\swagger\Unauthorized.class
com\fmatheus\app\enumerable\MessagesEnum.class
com\fmatheus\app\exception\handler\response\MessageResponse$MessageResponseBuilder.class
com\fmatheus\app\exception\handler\AppExceptionHandler.class
