Z:\Projetos\Particular\custom-exception\src\main\java\com\fmatheus\app\exception\BadRequestException.java
Z:\Projetos\Particular\custom-exception\src\main\java\com\fmatheus\app\exception\swagger\Unauthorized.java
Z:\Projetos\Particular\custom-exception\src\main\java\com\fmatheus\app\exception\handler\UnauthorizedException.java
Z:\Projetos\Particular\custom-exception\src\main\java\com\fmatheus\app\exception\handler\RestResponseHandler.java
Z:\Projetos\Particular\custom-exception\src\main\java\com\fmatheus\app\exception\swagger\Forbidden.java
Z:\Projetos\Particular\custom-exception\src\main\java\com\fmatheus\app\exception\handler\RestResponseBuilderHandler.java
Z:\Projetos\Particular\custom-exception\src\main\java\com\fmatheus\app\exception\swagger\ResponseAttribute.java
Z:\Projetos\Particular\custom-exception\src\main\java\com\fmatheus\app\exception\swagger\ServerError.java
Z:\Projetos\Particular\custom-exception\src\main\java\com\fmatheus\app\exception\handler\AppExceptionHandler.java
Z:\Projetos\Particular\custom-exception\src\main\java\com\fmatheus\app\rule\MessageResponseRule.java
Z:\Projetos\Particular\custom-exception\src\main\java\com\fmatheus\app\exception\handler\ServerErrorException.java
Z:\Projetos\Particular\custom-exception\src\main\java\com\fmatheus\app\exception\CouldNotReadException.java
Z:\Projetos\Particular\custom-exception\src\main\java\com\fmatheus\app\exception\FileStorageException.java
Z:\Projetos\Particular\custom-exception\src\main\java\com\fmatheus\app\exception\ForbiddenException.java
Z:\Projetos\Particular\custom-exception\src\main\java\com\fmatheus\app\exception\swagger\BadRequest.java
Z:\Projetos\Particular\custom-exception\src\main\java\com\fmatheus\app\exception\handler\response\MessageResponse.java
Z:\Projetos\Particular\custom-exception\src\main\java\com\fmatheus\app\enumerable\MessagesEnum.java
Z:\Projetos\Particular\custom-exception\src\main\java\com\fmatheus\app\exception\UserInactiveException.java
