Z:\Projetos\Particular\custom-message\src\main\java\com\custom\message\exception\ForbiddenException.java
Z:\Projetos\Particular\custom-message\src\main\java\com\custom\message\exception\BadRequestException.java
Z:\Projetos\Particular\custom-message\src\main\java\com\custom\message\config\BeanConfig.java
Z:\Projetos\Particular\custom-message\src\main\java\com\custom\message\exception\UserInactiveException.java
Z:\Projetos\Particular\custom-message\src\main\java\com\custom\message\exception\UnauthorizedException.java
Z:\Projetos\Particular\custom-message\src\main\java\com\custom\message\exception\handler\FieldsResponseHandler.java
Z:\Projetos\Particular\custom-message\src\main\java\com\custom\message\exception\CouldNotReadException.java
Z:\Projetos\Particular\custom-message\src\main\java\com\custom\message\exception\handler\ApiExceptionHandler.java
Z:\Projetos\Particular\custom-message\src\main\java\com\custom\message\enumerable\MessagesEnum.java
Z:\Projetos\Particular\custom-message\src\main\java\com\custom\message\exception\ServerErrorException.java
Z:\Projetos\Particular\custom-message\src\main\java\com\custom\message\exception\FileStorageException.java
Z:\Projetos\Particular\custom-message\src\main\java\com\custom\message\exception\handler\MessageResponseHandler.java
Z:\Projetos\Particular\custom-message\src\main\java\com\custom\message\rule\MessageResponseRule.java
